  正在确定要还原的项目…
  所有项目均是最新的，无法还原。
C:\Users\death\.nuget\packages\microsoft.windowsappsdk.winui\1.8.251222000\buildTransitive\Microsoft.UI.Xaml.Markup.Compiler.interop.targets(594,9): error MSB3073: 命令“"C:\Users\death\.nuget\packages\microsoft.windowsappsdk.winui\1.8.251222000\buildTransitive\..\tools\net6.0\..\net472\XamlCompiler.exe" "obj\ARM64\Debug\net8.0-windows10.0.19041.0\win-arm64\\input.json" "obj\ARM64\Debug\net8.0-windows10.0.19041.0\win-arm64\\output.json"”已退出，代码为 1。 [F:\Code\CS\NuistSmart\NuistSmart\NuistSmart.csproj]

生成失败。

C:\Users\death\.nuget\packages\microsoft.windowsappsdk.winui\1.8.251222000\buildTransitive\Microsoft.UI.Xaml.Markup.Compiler.interop.targets(594,9): error MSB3073: 命令“"C:\Users\death\.nuget\packages\microsoft.windowsappsdk.winui\1.8.251222000\buildTransitive\..\tools\net6.0\..\net472\XamlCompiler.exe" "obj\ARM64\Debug\net8.0-windows10.0.19041.0\win-arm64\\input.json" "obj\ARM64\Debug\net8.0-windows10.0.19041.0\win-arm64\\output.json"”已退出，代码为 1。 [F:\Code\CS\NuistSmart\NuistSmart\NuistSmart.csproj]
    0 个警告
    1 个错误

已用时间 00:00:04.46
